Microchip MPLAB XC8 Compiler V2.46

Linker command line:

-W-3 --edf=D:\MPLABX\Compiler\pic\dat\20240104201356_en.msgs -cn \
  -h+dist/default/production\Du2.X.production.sym \
  --cmf=dist/default/production\Du2.X.production.cmf -z -Q18F46K22 \
  -oC:\Users\David\AppData\Local\Temp\xcAsf2g.\driver_tmp_3.o \
  --defsym=__MPLAB_BUILD=1 --fixupoverflow=error \
  -Mdist/default/production/Du2.X.production.map \
  --md=C:\Users\David\AppData\Local\Temp\xcAsf2g.\driver_tmp_0.dat -E1 \
  -ver=XC8 Compiler --acfsm=1493 -ACODE=00h-0FFFFh -ACONST=00h-0FFFFh \
  -ASMALLCONST=01000h-010FFhx240 -AMEDIUMCONST=01000h-0FFFFh \
  -ACOMRAM=01h-05Fh -AABS1=00h-0F37h -ABIGRAM=01h-0F37h \
  -ARAM=060h-0FFh,0100h-01FFhx14,0F00h-0F37h -ABANK0=060h-0FFh \
  -ABANK1=0100h-01FFh -ABANK2=0200h-02FFh -ABANK3=0300h-03FFh \
  -ABANK4=0400h-04FFh -ABANK5=0500h-05FFh -ABANK6=0600h-06FFh \
  -ABANK7=0700h-07FFh -ABANK8=0800h-08FFh -ABANK9=0900h-09FFh \
  -ABANK10=0A00h-0AFFh -ABANK11=0B00h-0BFFh -ABANK12=0C00h-0CFFh \
  -ABANK13=0D00h-0DFFh -ABANK14=0E00h-0EFFh -ABANK15=0F00h-0F37h \
  -ASFR=0F38h-0F5Fh,0F60h-0FFFh -ABIGSFR=0F38h-0FFFh \
  -ACONFIG=0300000h-030000Dh -AIDLOC=0200000h-0200007h \
  -AEEDATA=0F00000h-0F003FFh -peeprom_data=EEDATA \
  -preset_vec=00h,intcode=8h,intcodelo,powerup,init -pramtop=01000h \
  -psmallconst=SMALLCONST -pmediumconst=MEDIUMCONST -pconst=CONST \
  -AFARRAM=00h-00h \
  -prdata=COMRAM,nvrram=COMRAM,nvbit=COMRAM,rbss=COMRAM,rbit=COMRAM \
  -pfarbss=FARRAM,fardata=FARRAM,nvFARRAM=FARRAM \
  -pintsave_regs=BIGRAM,bigbss=BIGRAM,bigdata=BIGRAM -pbss=RAM \
  -pidata=CODE,irdata=CODE,ibigdata=CODE,ifardata=CODE -prparam=COMRAM \
  C:\Users\David\AppData\Local\Temp\xcAsf2g.\driver_tmp_9.o \
  dist/default/production\Du2.X.production.o 

Object code version is 3.11

Machine type is 18F46K22



                Name                               Link     Load   Length Selector   Space Scale
C:\Users\David\AppData\Local\Temp\xcAsf2g.\driver_tmp_9.o
                config                           300000   300000        4        0       4
                init                                 8A       8A        4        4       0
                reset_vec                             0        0        4        0       0
dist/default/production\Du2.X.production.o
                intcode                               8        8       82        4       0
                config                           300000   300000        4        0       4
                temp                                 16       16        1        1       1
                smallconst                         1000     1000       12      800       0
                text4                              12AE     12AE       20      809       0
                text3                              12EC     12EC       18      809       0
                text2                              1210     1210       5E      809       0
                text1                              126E     126E       40      809       0
                text0                              1012     1012      1FE      809       0
                cstackCOMRAM                          1        1        D        1       1
                bssCOMRAM                             E        E        8        1       1
                cinit                              12CE     12CE       1E      809       0

TOTAL           Name                               Link     Load   Length     Space
        CLASS   CODE           
                intcode                               8        8       82         0
                init                                 8A       8A        4         0
                reset_vec                             0        0        4         0
                text4                              12AE     12AE       20         0
                text3                              12EC     12EC       18         0
                text2                              1210     1210       5E         0
                text1                              126E     126E       40         0
                text0                              1012     1012      1FE         0
                cinit                              12CE     12CE       1E         0

        CLASS   CONST          

        CLASS   SMALLCONST     
                smallconst                         1000     1000       12         0

        CLASS   MEDIUMCONST    

        CLASS   COMRAM         
                temp                                 16       16        1         1
                cstackCOMRAM                          1        1        D         1
                bssCOMRAM                             E        E        8         1

        CLASS   ABS1           

        CLASS   BIGRAM         

        CLASS   RAM            

        CLASS   BANK0          

        CLASS   BANK1          

        CLASS   BANK2          

        CLASS   BANK3          

        CLASS   BANK4          

        CLASS   BANK5          

        CLASS   BANK6          

        CLASS   BANK7          

        CLASS   BANK8          

        CLASS   BANK9          

        CLASS   BANK10         

        CLASS   BANK11         

        CLASS   BANK12         

        CLASS   BANK13         

        CLASS   BANK14         

        CLASS   BANK15         

        CLASS   SFR            

        CLASS   BIGSFR         

        CLASS   CONFIG         
                config                           300000   300000        4         4

        CLASS   IDLOC          

        CLASS   EEDATA         

        CLASS   FARRAM         

        CLASS   HEAP           

        CLASS   STACK          



SEGMENTS        Name                           Load    Length   Top    Selector   Space  Class

                reset_vec                      000000  000004  000004         0       0  CODE    
                cstackCOMRAM                   000001  000016  000017         1       1  COMRAM  
                intcode                        000008  000086  00008E         4       0  CODE    
                smallconst                     001000  000012  001012       800       0  SMALLCON
                text0                          001012  0002F2  001304       809       0  CODE    


UNUSED ADDRESS RANGES

        Name                Unused          Largest block    Delta
        BANK0            000060-0000FF               A0
        BANK1            000100-0001FF              100
        BANK10           000A00-000AFF              100
        BANK11           000B00-000BFF              100
        BANK12           000C00-000CFF              100
        BANK13           000D00-000DFF              100
        BANK14           000E00-000EFF              100
        BANK15           000F00-000F37               38
        BANK2            000200-0002FF              100
        BANK3            000300-0003FF              100
        BANK4            000400-0004FF              100
        BANK5            000500-0005FF              100
        BANK6            000600-0006FF              100
        BANK7            000700-0007FF              100
        BANK8            000800-0008FF              100
        BANK9            000900-0009FF              100
        BIGRAM           000017-000F37              F21
        BIGSFR           000F38-000FFF               C8
        CODE             000004-000007                4
                         00008E-000FFF              F72
                         001304-00FFFF             ECFC
        COMRAM           000017-00005F               49
        CONFIG           300004-30000D                A
        CONST            000004-000007                4
                         00008E-000FFF              F72
                         001304-00FFFF             ECFC
        EEDATA           F00000-F003FF              400
        IDLOC            200000-200007                8
        MEDIUMCONST      001304-00FFFF             ECFC
        RAM              000060-000F37              100
        SFR              000F38-000FFF               28
        SMALLCONST       001304-00FFFF              100

                                  Symbol Table

?_strcmp                 cstackCOMRAM 000004
ISR@i                    bssCOMRAM    00000E
ISR@temp                 cstackCOMRAM 000003
_ANSELC                  (abs)        000F3A
_GIE                     (abs)        007F97
_ISR                     intcode      000008
_LATCbits                (abs)        000F8B
_LATDbits                (abs)        000F8C
_PEIE                    (abs)        007F96
_PORTCbits               (abs)        000F82
_RC1IE                   (abs)        007CED
_RC1IF                   (abs)        007CF5
_RCREG1                  (abs)        000FAE
_RCSTA1bits              (abs)        000FAB
_SPBRG1                  (abs)        000FAF
_TRISCbits               (abs)        000F94
_TRISDbits               (abs)        000F95
_TX1IF                   (abs)        007CF4
_TXREG                   (abs)        000FAD
_TXSTA1bits              (abs)        000FAC
__HRAM                   (abs)        000000
__H__absolute__          __absolute__ 000000
__Habs1                  abs1         000000
__Hbank0                 bank0        000000
__Hbank1                 bank1        000000
__Hbank10                bank10       000000
__Hbank11                bank11       000000
__Hbank12                bank12       000000
__Hbank13                bank13       000000
__Hbank14                bank14       000000
__Hbank15                bank15       000000
__Hbank2                 bank2        000000
__Hbank3                 bank3        000000
__Hbank4                 bank4        000000
__Hbank5                 bank5        000000
__Hbank6                 bank6        000000
__Hbank7                 bank7        000000
__Hbank8                 bank8        000000
__Hbank9                 bank9        000000
__Hbigbss                bigbss       000000
__Hbigdata               bigdata      000000
__Hbigram                bigram       000000
__Hbigsfr                bigsfr       000000
__Hbss                   bss          000000
__HbssCOMRAM             bssCOMRAM    000000
__Hcinit                 cinit        000000
__Hclrtext               clrtext      000000
__Hcomram                comram       000000
__Hconfig                config       300004
__Hconst                 const        000000
__HcstackCOMRAM          cstackCOMRAM 000000
__Hdata                  data         000000
__Heeprom_data           eeprom_data  000000
__Hfarbss                farbss       000000
__Hfardata               fardata      000000
__Hheap                  heap         000000
__Hibigdata              ibigdata     000000
__Hidata                 idata        000000
__Hidloc                 idloc        000000
__Hifardata              ifardata     000000
__Hinit                  init         00008E
__Hintcode               intcode      00008A
__Hintcode_body          intcode_body 000000
__Hintcodelo             intcodelo    00008A
__Hintentry              intentry     000000
__Hintret                intret       000000
__Hintsave_regs          intsave_regs 000000
__Hirdata                irdata       000000
__Hmediumconst           mediumconst  000000
__HnvFARRAM              nvFARRAM     000000
__Hnvbit                 nvbit        000000
__Hnvrram                nvrram       000000
__Hparam                 rparam       000000
__Hpowerup               powerup      00008A
__Hram                   ram          000000
__Hramtop                ramtop       001000
__Hrbit                  rbit         000000
__Hrbss                  rbss         000000
__Hrdata                 rdata        000000
__Hreset_vec             reset_vec    000004
__Hrparam                rparam       000000
__Hsfr                   sfr          000000
__Hsivt_hi               sivt_hi      000000
__Hsivt_lo               sivt_lo      000000
__Hsmallconst            smallconst   001012
__Hspace_0               (abs)        001304
__Hspace_1               (abs)        000017
__Hspace_2               (abs)        000000
__Hspace_4               (abs)        600004
__Hstack                 stack        000000
__Hstruct                struct       000000
__Htemp                  temp         000017
__Htext                  text         000000
__Htext0                 text0        000000
__Htext1                 text1        000000
__Htext2                 text2        000000
__Htext3                 text3        000000
__Htext4                 text4        000000
__LRAM                   (abs)        000001
__L__absolute__          __absolute__ 000000
__Labs1                  abs1         000000
__Lbank0                 bank0        000000
__Lbank1                 bank1        000000
__Lbank10                bank10       000000
__Lbank11                bank11       000000
__Lbank12                bank12       000000
__Lbank13                bank13       000000
__Lbank14                bank14       000000
__Lbank15                bank15       000000
__Lbank2                 bank2        000000
__Lbank3                 bank3        000000
__Lbank4                 bank4        000000
__Lbank5                 bank5        000000
__Lbank6                 bank6        000000
__Lbank7                 bank7        000000
__Lbank8                 bank8        000000
__Lbank9                 bank9        000000
__Lbigbss                bigbss       000000
__Lbigdata               bigdata      000000
__Lbigram                bigram       000000
__Lbigsfr                bigsfr       000000
__Lbss                   bss          000000
__LbssCOMRAM             bssCOMRAM    000000
__Lcinit                 cinit        000000
__Lclrtext               clrtext      000000
__Lcomram                comram       000000
__Lconfig                config       000000
__Lconst                 const        000000
__LcstackCOMRAM          cstackCOMRAM 000000
__Ldata                  data         000000
__Leeprom_data           eeprom_data  000000
__Lfarbss                farbss       000000
__Lfardata               fardata      000000
__Lheap                  heap         000000
__Libigdata              ibigdata     000000
__Lidata                 idata        000000
__Lidloc                 idloc        000000
__Lifardata              ifardata     000000
__Linit                  init         00008A
__Lintcode               intcode      000008
__Lintcode_body          intcode_body 000000
__Lintcodelo             intcodelo    00008A
__Lintentry              intentry     000000
__Lintret                intret       000000
__Lintsave_regs          intsave_regs 000000
__Lirdata                irdata       000000
__Lmediumconst           mediumconst  000000
__LnvFARRAM              nvFARRAM     000000
__Lnvbit                 nvbit        000000
__Lnvrram                nvrram       000000
__Lparam                 rparam       000000
__Lpowerup               powerup      00008A
__Lram                   ram          000000
__Lramtop                ramtop       001000
__Lrbit                  rbit         000000
__Lrbss                  rbss         000000
__Lrdata                 rdata        000000
__Lreset_vec             reset_vec    000000
__Lrparam                rparam       000000
__Lsfr                   sfr          000000
__Lsivt_hi               sivt_hi      000000
__Lsivt_lo               sivt_lo      000000
__Lsmallconst            smallconst   001000
__Lspace_0               (abs)        000000
__Lspace_1               (abs)        000000
__Lspace_2               (abs)        000000
__Lspace_4               (abs)        000000
__Lstack                 stack        000000
__Lstruct                struct       000000
__Ltemp                  temp         000016
__Ltext                  text         000000
__Ltext0                 text0        000000
__Ltext1                 text1        000000
__Ltext2                 text2        000000
__Ltext3                 text3        000000
__Ltext4                 text4        000000
__S0                     (abs)        001304
__S1                     (abs)        000017
__S4                     (abs)        000000
__S5                     (abs)        000000
___heap_hi               (abs)        000000
___heap_lo               (abs)        000000
___inthi_sp              stack        000000
___inthi_stack_hi        stack        000000
___inthi_stack_lo        stack        000000
___intlo_sp              stack        000000
___intlo_stack_hi        stack        000000
___intlo_stack_lo        stack        000000
___param_bank            (abs)        000000
___rparam_used           (abs)        000001
___sp                    stack        000000
___stack_hi              stack        000000
___stack_lo              stack        000000
__accesstop              (abs)        000060
__activetblptr           (abs)        000001
__end_of_ISR             intcode      00008A
__end_of__initialization cinit        0012DA
__end_of_initGPIO        text4        0012CE
__end_of_initUART        text3        001304
__end_of_main            text0        001210
__end_of_strcmp          text2        00126E
__end_of_switchLEDs      text1        0012AE
__initialization         cinit        0012CE
__mediumconst            mediumconst  000000
__pbssCOMRAM             bssCOMRAM    00000E
__pcinit                 cinit        0012CE
__pcstackCOMRAM          cstackCOMRAM 000001
__pintcode               intcode      000008
__psmallconst            smallconst   001000
__ptext0                 text0        001012
__ptext1                 text1        00126E
__ptext2                 text2        001210
__ptext3                 text3        0012EC
__ptext4                 text4        0012AE
__ramtop                 ramtop       001000
__smallconst             smallconst   001000
_command                 bssCOMRAM    000010
_initGPIO                text4        0012AE
_initUART                text3        0012EC
_main                    text0        001012
_strcmp                  text2        001210
_switchLEDs              text1        00126E
btemp                    temp         000016
end_of_initialization    cinit        0012DA
int$flags                temp         000016
intlevel0                text         000000
intlevel1                text         000000
intlevel2                text         000000
intlevel3                text         000000
isa$std                  (abs)        000001
isa$xinst                (abs)        000000
main@blink               cstackCOMRAM 000009
main@integer             cstackCOMRAM 00000A
main@off                 cstackCOMRAM 00000C
main@open                cstackCOMRAM 00000D
main@temporaryblink      cstackCOMRAM 00000B
stackhi                  (abs)        000000
stacklo                  (abs)        000000
start                    init         00008A
start_initialization     cinit        0012CE
strcmp@l                 cstackCOMRAM 000004
strcmp@r                 cstackCOMRAM 000005
switchLEDs@input         cstackCOMRAM 000004
ttemp5                   temp         000017
ttemp6                   temp         00001A
ttemp7                   temp         00001E
wtemp8                   temp         000017


MODULE INFORMATION

Module		Function		Class		Link	Load	Size
newmain.c
		_initGPIO      		CODE           	12AE	0000	32
		_ISR           		CODE           	0008	0000	130
		_main          		CODE           	1012	0000	510
		_initUART      		CODE           	12EC	0000	24
		_switchLEDs    		CODE           	126E	0000	64

newmain.c estimated size: 760

shared
		__initialization		CODE           	12CE	0000	12

shared estimated size: 12

D:\MPLABX\Compiler\pic\sources\c99\common\strcmp.c
		_strcmp        		CODE           	1210	0000	94

D:\MPLABX\Compiler\pic\sources\c99\common\strcmp.c estimated size: 94

